// Vitest Snapshot v1, https://vitest.dev/guide/snapshot.html

exports[`card flips on click 1`] = `
<div
  class="card w-full h-full transition-transform duration-500 transform  bg-[url('carta.jpg')]"
>
  <div
    class="side flip front-face p-2 rounded-md shadow-md "
    data-testid="front-side"
  />
  hola
  <div
    class="side back-face bg-white p-2 rounded-md shadow-md hidden"
    data-testid="back-side"
  >
    <img
      alt="Imagen de hello there"
      class="w-full h-full"
      loading="lazy"
      src="/img/batman.png"
    />
  </div>
</div>
`;
